// Jest Snapshot v1, https://goo.gl/fbAQLP

exports[`TextInputField renders correctly 1`] = `
<View>
  <Text
    accessible={true}
    allowFontScaling={true}
    ellipsizeMode="tail"
  >
    label
  </Text>
  <TextInput
    allowFontScaling={true}
    blurOnSubmit={true}
    keyboardType="default"
    maxLength={40}
    onChangeText={[Function]}
    placeholder="placeholder"
    style={
      Object {
        "height": 40,
      }
    }
  />
</View>
`;
