// Jest Snapshot v1, https://goo.gl/fbAQLP

exports[`WelcomeText renders correctly 1`] = `
<View>
  <Text
    accessible={true}
    allowFontScaling={true}
    ellipsizeMode="tail"
  >
    Welcome to Mobile Flashcards!
  </Text>
  <Text
    accessible={true}
    allowFontScaling={true}
    ellipsizeMode="tail"
  >
    What do you want to learn today?
  </Text>
</View>
`;
